this is test.log!
